  ╨Ю╨┐╤А╨╡╨┤╨╡╨╗╨╡╨╜╨╕╨╡ ╨┐╤А╨╛╨╡╨║╤В╨╛╨▓ ╨┤╨╗╤П ╨▓╨╛╤Б╤Б╤В╨░╨╜╨╛╨▓╨╗╨╡╨╜╨╕╤П...
  ╨Т╤Б╨╡ ╨┐╤А╨╛╨╡╨║╤В╤Л ╨╛╨▒╨╜╨╛╨▓╨╗╨╡╨╜╤Л ╨┤╨╗╤П ╨▓╨╛╤Б╤Б╤В╨░╨╜╨╛╨▓╨╗╨╡╨╜╨╕╤П.
C:\Users\Q1\Documents\gunvault\GameEngine\ChunkManager.cs(40,33): error CS1503: ╨Р╤А╨│╤Г╨╝╨╡╨╜╤В 1: ╨╜╨╡ ╤Г╨┤╨░╨╡╤В╤Б╤П ╨┐╤А╨╡╨╛╨▒╤А╨░╨╖╨╛╨▓╨░╤В╤М ╨╕╨╖ "(int, int)" ╨▓ "string". [C:\Users\Q1\Documents\gunvault\GunVault_li0pt34o_wpftmp.csproj]
C:\Users\Q1\Documents\gunvault\MainWindow.xaml.cs(458,9): error CS0103: ╨Ш╨╝╤П "NotificationText" ╨╜╨╡ ╤Б╤Г╤Й╨╡╤Б╤В╨▓╤Г╨╡╤В ╨▓ ╤В╨╡╨║╤Г╤Й╨╡╨╝ ╨║╨╛╨╜╤В╨╡╨║╤Б╤В╨╡. [C:\Users\Q1\Documents\gunvault\GunVault_li0pt34o_wpftmp.csproj]
C:\Users\Q1\Documents\gunvault\MainWindow.xaml.cs(459,9): error CS0103: ╨Ш╨╝╤П "NotificationBorder" ╨╜╨╡ ╤Б╤Г╤Й╨╡╤Б╤В╨▓╤Г╨╡╤В ╨▓ ╤В╨╡╨║╤Г╤Й╨╡╨╝ ╨║╨╛╨╜╤В╨╡╨║╤Б╤В╨╡. [C:\Users\Q1\Documents\gunvault\GunVault_li0pt34o_wpftmp.csproj]
C:\Users\Q1\Documents\gunvault\MainWindow.xaml.cs(468,47): error CS0103: ╨Ш╨╝╤П "NotificationBorder" ╨╜╨╡ ╤Б╤Г╤Й╨╡╤Б╤В╨▓╤Г╨╡╤В ╨▓ ╤В╨╡╨║╤Г╤Й╨╡╨╝ ╨║╨╛╨╜╤В╨╡╨║╤Б╤В╨╡. [C:\Users\Q1\Documents\gunvault\GunVault_li0pt34o_wpftmp.csproj]
C:\Users\Q1\Documents\gunvault\MainWindow.xaml.cs(471,48): error CS0103: ╨Ш╨╝╤П "NotificationBorder" ╨╜╨╡ ╤Б╤Г╤Й╨╡╤Б╤В╨▓╤Г╨╡╤В ╨▓ ╤В╨╡╨║╤Г╤Й╨╡╨╝ ╨║╨╛╨╜╤В╨╡╨║╤Б╤В╨╡. [C:\Users\Q1\Documents\gunvault\GunVault_li0pt34o_wpftmp.csproj]
C:\Users\Q1\Documents\gunvault\MainWindow.xaml.cs(498,48): error CS0103: ╨Ш╨╝╤П "NotificationBorder" ╨╜╨╡ ╤Б╤Г╤Й╨╡╤Б╤В╨▓╤Г╨╡╤В ╨▓ ╤В╨╡╨║╤Г╤Й╨╡╨╝ ╨║╨╛╨╜╤В╨╡╨║╤Б╤В╨╡. [C:\Users\Q1\Documents\gunvault\GunVault_li0pt34o_wpftmp.csproj]
C:\Users\Q1\Documents\gunvault\MainWindow.xaml.cs(501,49): error CS0103: ╨Ш╨╝╤П "NotificationBorder" ╨╜╨╡ ╤Б╤Г╤Й╨╡╤Б╤В╨▓╤Г╨╡╤В ╨▓ ╤В╨╡╨║╤Г╤Й╨╡╨╝ ╨║╨╛╨╜╤В╨╡╨║╤Б╤В╨╡. [C:\Users\Q1\Documents\gunvault\GunVault_li0pt34o_wpftmp.csproj]
C:\Users\Q1\Documents\gunvault\MainWindow.xaml.cs(506,13): error CS0103: ╨Ш╨╝╤П "NotificationBorder" ╨╜╨╡ ╤Б╤Г╤Й╨╡╤Б╤В╨▓╤Г╨╡╤В ╨▓ ╤В╨╡╨║╤Г╤Й╨╡╨╝ ╨║╨╛╨╜╤В╨╡╨║╤Б╤В╨╡. [C:\Users\Q1\Documents\gunvault\GunVault_li0pt34o_wpftmp.csproj]
C:\Users\Q1\Documents\gunvault\GameEngine\ChunkManager.cs(36,36): warning CS0067: ╨б╨╛╨▒╤Л╤В╨╕╨╡ "ChunkManager.ChunkGenerated" ╨╜╨╕╨║╨╛╨│╨┤╨░ ╨╜╨╡ ╨╕╤Б╨┐╨╛╨╗╤М╨╖╤Г╨╡╤В╤Б╤П. [C:\Users\Q1\Documents\gunvault\GunVault_li0pt34o_wpftmp.csproj]

╨Ю╤И╨╕╨▒╨║╨░ ╤Б╨▒╨╛╤А╨║╨╕.

C:\Users\Q1\Documents\gunvault\GameEngine\ChunkManager.cs(36,36): warning CS0067: ╨б╨╛╨▒╤Л╤В╨╕╨╡ "ChunkManager.ChunkGenerated" ╨╜╨╕╨║╨╛╨│╨┤╨░ ╨╜╨╡ ╨╕╤Б╨┐╨╛╨╗╤М╨╖╤Г╨╡╤В╤Б╤П. [C:\Users\Q1\Documents\gunvault\GunVault_li0pt34o_wpftmp.csproj]
C:\Users\Q1\Documents\gunvault\GameEngine\ChunkManager.cs(40,33): error CS1503: ╨Р╤А╨│╤Г╨╝╨╡╨╜╤В 1: ╨╜╨╡ ╤Г╨┤╨░╨╡╤В╤Б╤П ╨┐╤А╨╡╨╛╨▒╤А╨░╨╖╨╛╨▓╨░╤В╤М ╨╕╨╖ "(int, int)" ╨▓ "string". [C:\Users\Q1\Documents\gunvault\GunVault_li0pt34o_wpftmp.csproj]
C:\Users\Q1\Documents\gunvault\MainWindow.xaml.cs(458,9): error CS0103: ╨Ш╨╝╤П "NotificationText" ╨╜╨╡ ╤Б╤Г╤Й╨╡╤Б╤В╨▓╤Г╨╡╤В ╨▓ ╤В╨╡╨║╤Г╤Й╨╡╨╝ ╨║╨╛╨╜╤В╨╡╨║╤Б╤В╨╡. [C:\Users\Q1\Documents\gunvault\GunVault_li0pt34o_wpftmp.csproj]
C:\Users\Q1\Documents\gunvault\MainWindow.xaml.cs(459,9): error CS0103: ╨Ш╨╝╤П "NotificationBorder" ╨╜╨╡ ╤Б╤Г╤Й╨╡╤Б╤В╨▓╤Г╨╡╤В ╨▓ ╤В╨╡╨║╤Г╤Й╨╡╨╝ ╨║╨╛╨╜╤В╨╡╨║╤Б╤В╨╡. [C:\Users\Q1\Documents\gunvault\GunVault_li0pt34o_wpftmp.csproj]
C:\Users\Q1\Documents\gunvault\MainWindow.xaml.cs(468,47): error CS0103: ╨Ш╨╝╤П "NotificationBorder" ╨╜╨╡ ╤Б╤Г╤Й╨╡╤Б╤В╨▓╤Г╨╡╤В ╨▓ ╤В╨╡╨║╤Г╤Й╨╡╨╝ ╨║╨╛╨╜╤В╨╡╨║╤Б╤В╨╡. [C:\Users\Q1\Documents\gunvault\GunVault_li0pt34o_wpftmp.csproj]
C:\Users\Q1\Documents\gunvault\MainWindow.xaml.cs(471,48): error CS0103: ╨Ш╨╝╤П "NotificationBorder" ╨╜╨╡ ╤Б╤Г╤Й╨╡╤Б╤В╨▓╤Г╨╡╤В ╨▓ ╤В╨╡╨║╤Г╤Й╨╡╨╝ ╨║╨╛╨╜╤В╨╡╨║╤Б╤В╨╡. [C:\Users\Q1\Documents\gunvault\GunVault_li0pt34o_wpftmp.csproj]
C:\Users\Q1\Documents\gunvault\MainWindow.xaml.cs(498,48): error CS0103: ╨Ш╨╝╤П "NotificationBorder" ╨╜╨╡ ╤Б╤Г╤Й╨╡╤Б╤В╨▓╤Г╨╡╤В ╨▓ ╤В╨╡╨║╤Г╤Й╨╡╨╝ ╨║╨╛╨╜╤В╨╡╨║╤Б╤В╨╡. [C:\Users\Q1\Documents\gunvault\GunVault_li0pt34o_wpftmp.csproj]
C:\Users\Q1\Documents\gunvault\MainWindow.xaml.cs(501,49): error CS0103: ╨Ш╨╝╤П "NotificationBorder" ╨╜╨╡ ╤Б╤Г╤Й╨╡╤Б╤В╨▓╤Г╨╡╤В ╨▓ ╤В╨╡╨║╤Г╤Й╨╡╨╝ ╨║╨╛╨╜╤В╨╡╨║╤Б╤В╨╡. [C:\Users\Q1\Documents\gunvault\GunVault_li0pt34o_wpftmp.csproj]
C:\Users\Q1\Documents\gunvault\MainWindow.xaml.cs(506,13): error CS0103: ╨Ш╨╝╤П "NotificationBorder" ╨╜╨╡ ╤Б╤Г╤Й╨╡╤Б╤В╨▓╤Г╨╡╤В ╨▓ ╤В╨╡╨║╤Г╤Й╨╡╨╝ ╨║╨╛╨╜╤В╨╡╨║╤Б╤В╨╡. [C:\Users\Q1\Documents\gunvault\GunVault_li0pt34o_wpftmp.csproj]
    ╨Я╤А╨╡╨┤╤Г╨┐╤А╨╡╨╢╨┤╨╡╨╜╨╕╨╣: 1
    ╨Ю╤И╨╕╨▒╨╛╨║: 8

╨Я╤А╨╛╤И╨╗╨╛ ╨▓╤А╨╡╨╝╨╡╨╜╨╕ 00:00:01.87
